// Jest Snapshot v1, https://goo.gl/fbAQLP

exports[`Button matches snapshot 1`] = `
<div
  className="root"
>
  <button
    disabled={false}
    id="test"
    onClick={[Function]}
    style={
      Object {
        "background": "gray800",
      }
    }
    type="submit"
  >
    
  </button>
</div>
`;
